
> api@1.0.0 start
> nest start

[32m[Nest] 9316  - [39m05/15/2026, 12:06:36 AM [32m    LOG[39m [38;5;3m[NestFactory] [39m[32mStarting Nest application...[39m
[32m[Nest] 9316  - [39m05/15/2026, 12:06:36 AM [32m    LOG[39m [38;5;3m[InstanceLoader] [39m[32mConfigHostModule dependencies initialized[39m[38;5;3m +19ms[39m
[32m[Nest] 9316  - [39m05/15/2026, 12:06:36 AM [32m    LOG[39m [38;5;3m[InstanceLoader] [39m[32mConfigModule dependencies initialized[39m[38;5;3m +1ms[39m
[32m[Nest] 9316  - [39m05/15/2026, 12:06:36 AM [32m    LOG[39m [38;5;3m[InstanceLoader] [39m[32mAppModule dependencies initialized[39m[38;5;3m +2ms[39m
[32m[Nest] 9316  - [39m05/15/2026, 12:06:36 AM [32m    LOG[39m [38;5;3m[RoutesResolver] [39m[32mAuthController {/api/v1/auth}:[39m[38;5;3m +13ms[39m
[32m[Nest] 9316  - [39m05/15/2026, 12:06:36 AM [32m    LOG[39m [38;5;3m[RouterExplorer] [39m[32mMapped {/api/v1/auth/login, POST} route[39m[38;5;3m +3ms[39m
[32m[Nest] 9316  - [39m05/15/2026, 12:06:36 AM [32m    LOG[39m [38;5;3m[RouterExplorer] [39m[32mMapped {/api/v1/auth/logout, POST} route[39m[38;5;3m +1ms[39m
[32m[Nest] 9316  - [39m05/15/2026, 12:06:36 AM [32m    LOG[39m [38;5;3m[RouterExplorer] [39m[32mMapped {/api/v1/auth/me, GET} route[39m[38;5;3m +1ms[39m
[32m[Nest] 9316  - [39m05/15/2026, 12:06:36 AM [32m    LOG[39m [38;5;3m[RouterExplorer] [39m[32mMapped {/api/v1/auth/change-password, POST} route[39m[38;5;3m +1ms[39m
[32m[Nest] 9316  - [39m05/15/2026, 12:06:36 AM [32m    LOG[39m [38;5;3m[RoutesResolver] [39m[32mDashboardController {/api/v1/dashboard}:[39m[38;5;3m +0ms[39m
[32m[Nest] 9316  - [39m05/15/2026, 12:06:36 AM [32m    LOG[39m [38;5;3m[RouterExplorer] [39m[32mMapped {/api/v1/dashboard/summary, GET} route[39m[38;5;3m +1ms[39m
[32m[Nest] 9316  - [39m05/15/2026, 12:06:36 AM [32m    LOG[39m [38;5;3m[RoutesResolver] [39m[32mProductsController {/api/v1/products}:[39m[38;5;3m +0ms[39m
[32m[Nest] 9316  - [39m05/15/2026, 12:06:36 AM [32m    LOG[39m [38;5;3m[RouterExplorer] [39m[32mMapped {/api/v1/products, GET} route[39m[38;5;3m +1ms[39m
[32m[Nest] 9316  - [39m05/15/2026, 12:06:36 AM [32m    LOG[39m [38;5;3m[RouterExplorer] [39m[32mMapped {/api/v1/products/:id, GET} route[39m[38;5;3m +0ms[39m
[32m[Nest] 9316  - [39m05/15/2026, 12:06:36 AM [32m    LOG[39m [38;5;3m[RouterExplorer] [39m[32mMapped {/api/v1/products, POST} route[39m[38;5;3m +1ms[39m
[32m[Nest] 9316  - [39m05/15/2026, 12:06:36 AM [32m    LOG[39m [38;5;3m[RouterExplorer] [39m[32mMapped {/api/v1/products/:id, PATCH} route[39m[38;5;3m +0ms[39m
[32m[Nest] 9316  - [39m05/15/2026, 12:06:36 AM [32m    LOG[39m [38;5;3m[RouterExplorer] [39m[32mMapped {/api/v1/products/:id, DELETE} route[39m[38;5;3m +1ms[39m
[32m[Nest] 9316  - [39m05/15/2026, 12:06:36 AM [32m    LOG[39m [38;5;3m[RoutesResolver] [39m[32mOrdersController {/api/v1/orders}:[39m[38;5;3m +1ms[39m
[32m[Nest] 9316  - [39m05/15/2026, 12:06:36 AM [32m    LOG[39m [38;5;3m[RouterExplorer] [39m[32mMapped {/api/v1/orders, GET} route[39m[38;5;3m +1ms[39m
[32m[Nest] 9316  - [39m05/15/2026, 12:06:36 AM [32m    LOG[39m [38;5;3m[RouterExplorer] [39m[32mMapped {/api/v1/orders/:id, GET} route[39m[38;5;3m +1ms[39m
[32m[Nest] 9316  - [39m05/15/2026, 12:06:36 AM [32m    LOG[39m [38;5;3m[RouterExplorer] [39m[32mMapped {/api/v1/orders/:id, PATCH} route[39m[38;5;3m +1ms[39m
[32m[Nest] 9316  - [39m05/15/2026, 12:06:36 AM [32m    LOG[39m [38;5;3m[RoutesResolver] [39m[32mCustomersController {/api/v1/customers}:[39m[38;5;3m +0ms[39m
[32m[Nest] 9316  - [39m05/15/2026, 12:06:36 AM [32m    LOG[39m [38;5;3m[RouterExplorer] [39m[32mMapped {/api/v1/customers, GET} route[39m[38;5;3m +1ms[39m
[32m[Nest] 9316  - [39m05/15/2026, 12:06:36 AM [32m    LOG[39m [38;5;3m[RouterExplorer] [39m[32mMapped {/api/v1/customers/:id, PATCH} route[39m[38;5;3m +1ms[39m
[32m[Nest] 9316  - [39m05/15/2026, 12:06:36 AM [32m    LOG[39m [38;5;3m[RouterExplorer] [39m[32mMapped {/api/v1/customers/:id, DELETE} route[39m[38;5;3m +0ms[39m
[32m[Nest] 9316  - [39m05/15/2026, 12:06:36 AM [32m    LOG[39m [38;5;3m[RoutesResolver] [39m[32mReviewsController {/api/v1/reviews}:[39m[38;5;3m +1ms[39m
[32m[Nest] 9316  - [39m05/15/2026, 12:06:36 AM [32m    LOG[39m [38;5;3m[RouterExplorer] [39m[32mMapped {/api/v1/reviews, GET} route[39m[38;5;3m +1ms[39m
[32m[Nest] 9316  - [39m05/15/2026, 12:06:36 AM [32m    LOG[39m [38;5;3m[RouterExplorer] [39m[32mMapped {/api/v1/reviews/:id, PATCH} route[39m[38;5;3m +1ms[39m
[32m[Nest] 9316  - [39m05/15/2026, 12:06:36 AM [32m    LOG[39m [38;5;3m[RouterExplorer] [39m[32mMapped {/api/v1/reviews/:id, DELETE} route[39m[38;5;3m +1ms[39m
[32m[Nest] 9316  - [39m05/15/2026, 12:06:36 AM [32m    LOG[39m [38;5;3m[RoutesResolver] [39m[32mCouponsController {/api/v1/coupons}:[39m[38;5;3m +1ms[39m
[32m[Nest] 9316  - [39m05/15/2026, 12:06:36 AM [32m    LOG[39m [38;5;3m[RouterExplorer] [39m[32mMapped {/api/v1/coupons, GET} route[39m[38;5;3m +0ms[39m
[32m[Nest] 9316  - [39m05/15/2026, 12:06:36 AM [32m    LOG[39m [38;5;3m[RouterExplorer] [39m[32mMapped {/api/v1/coupons, POST} route[39m[38;5;3m +1ms[39m
[32m[Nest] 9316  - [39m05/15/2026, 12:06:36 AM [32m    LOG[39m [38;5;3m[RouterExplorer] [39m[32mMapped {/api/v1/coupons/:id, PATCH} route[39m[38;5;3m +1ms[39m
[32m[Nest] 9316  - [39m05/15/2026, 12:06:36 AM [32m    LOG[39m [38;5;3m[RouterExplorer] [39m[32mMapped {/api/v1/coupons/:id, DELETE} route[39m[38;5;3m +0ms[39m
[32m[Nest] 9316  - [39m05/15/2026, 12:06:36 AM [32m    LOG[39m [38;5;3m[RoutesResolver] [39m[32mSettingsController {/api/v1/settings}:[39m[38;5;3m +0ms[39m
[32m[Nest] 9316  - [39m05/15/2026, 12:06:36 AM [32m    LOG[39m [38;5;3m[RouterExplorer] [39m[32mMapped {/api/v1/settings, GET} route[39m[38;5;3m +1ms[39m
[32m[Nest] 9316  - [39m05/15/2026, 12:06:36 AM [32m    LOG[39m [38;5;3m[RouterExplorer] [39m[32mMapped {/api/v1/settings, PATCH} route[39m[38;5;3m +0ms[39m
[32m[Nest] 9316  - [39m05/15/2026, 12:06:36 AM [32m    LOG[39m [38;5;3m[RouterExplorer] [39m[32mMapped {/api/v1/settings/team, POST} route[39m[38;5;3m +1ms[39m
[32m[Nest] 9316  - [39m05/15/2026, 12:06:36 AM [32m    LOG[39m [38;5;3m[RouterExplorer] [39m[32mMapped {/api/v1/settings/team/:id, DELETE} route[39m[38;5;3m +1ms[39m
[32m[Nest] 9316  - [39m05/15/2026, 12:06:36 AM [32m    LOG[39m [38;5;3m[RoutesResolver] [39m[32mStorefrontController {/api/v1/storefront}:[39m[38;5;3m +0ms[39m
[32m[Nest] 9316  - [39m05/15/2026, 12:06:36 AM [32m    LOG[39m [38;5;3m[RouterExplorer] [39m[32mMapped {/api/v1/storefront/home, GET} route[39m[38;5;3m +2ms[39m
[32m[Nest] 9316  - [39m05/15/2026, 12:06:36 AM [32m    LOG[39m [38;5;3m[RouterExplorer] [39m[32mMapped {/api/v1/storefront/products, GET} route[39m[38;5;3m +1ms[39m
[32m[Nest] 9316  - [39m05/15/2026, 12:06:36 AM [32m    LOG[39m [38;5;3m[RouterExplorer] [39m[32mMapped {/api/v1/storefront/products/:slug, GET} route[39m[38;5;3m +0ms[39m
[32m[Nest] 9316  - [39m05/15/2026, 12:06:36 AM [32m    LOG[39m [38;5;3m[NestApplication] [39m[32mNest application successfully started[39m[38;5;3m +13ms[39m
Application core is running on: http://localhost:4000
